DCE document/src/Dce.res
Error: cannot find project root containing bsconfig.json.
Fatal error: exception File "reanalyze/src/Paths.ml", line 23, characters 6-12: Assertion failed
