Definition document/src/Definition.res 2:8
{"uri": "Definition.res", "range": {"start": {"line": 0, "character": 4}, "end": {"line": 0, "character": 6}}}

Definition document/src/Definition.res 10:23
{"uri": "Definition.res", "range": {"start": {"line": 6, "character": 7}, "end": {"line": 6, "character": 13}}}

Hover document/src/Definition.res 14:14
{"contents": "```rescript\n('a => 'b, list<'a>) => list<'b>\n```\n\n [List.map f [a1; ...; an]] applies function [f] to [a1, ..., an],\n   and builds the list [[f a1; ...; f an]]\n   with the results returned by [f].  Not tail-recursive. "}

Hover document/src/Definition.res 18:14
{"contents": "```rescript\n(Belt.List.t<'a>, 'a => 'b) => Belt.List.t<'b>\n```\n\n\n  Returns a new list with `f` applied to each element of `someList`.\n\n  ```res example\n  list{1, 2}->Belt.List.map(x => x + 1) // list{3, 4}\n  ```\n"}

Hover document/src/Definition.res 23:3
{"contents": "```rescript\n(. int, int) => int\n```"}

Definition document/src/Definition.res 26:3
{"uri": "Definition.res", "range": {"start": {"line": 21, "character": 4}, "end": {"line": 21, "character": 13}}}

