Hover document/src/LongIdentTest.res 2:13
{"contents": "```rescript\nint\n```"}

