Complete src/BrokenParserCases.res 2:25
posCursor:[2:25] posNoWhite:[2:24] Found expr:[2:11->2:30]
Pexp_apply ...[2:11->2:17] (~isOff2:19->2:24=...[2:27->2:29])
Completable: Cargument Value[someFn]($0)
[]

Complete src/BrokenParserCases.res 6:18
posCursor:[6:18] posNoWhite:[6:17] Found expr:[6:3->6:21]
posCursor:[6:18] posNoWhite:[6:17] Found pattern:[6:16->6:19]
Completable: Cpattern Value[s]=t
[]

