Complete src/CompletePrioritize1.res 5:6
posCursor:[5:6] posNoWhite:[5:5] Found expr:[5:3->0:-1]
Completable: Cpath Value[a]->
ContextPath Value[a]->
ContextPath Value[a]
Path a
CPPipe env:CompletePrioritize1
CPPipe type path:Test.t
Path Test.
[{
    "label": "Test.add",
    "kind": 12,
    "tags": [],
    "detail": "float => float",
    "documentation": null
  }]

