Create Interface tests/src/CreateInterface.res
type r = {name: string, age: int}
let add: (~x: int, ~y: int) => int
@react.component
let make: (~name: string) => React.element
@react.component
let otherComponentName: (~name: string) => React.element
module Mod: {
  @react.component
  let make: (~name: string) => React.element
}
module type ModTyp = {
  @react.component
  let make: (~name: string) => React.element
}
@module("path") external dirname: string => string = "dirname"
@module("path") @variadic
external join: array<string> => string = "join"
@val
external padLeft: (
  string,
  @unwrap
  [
    | #Str(string)
    | #Int(int)
  ],
) => string = "padLeft"
module RFS: {
  @module("fs")
  external readFileSync: (
    ~name: string,
    @string
    [
      | #utf8
      | @as("ascii") #useAscii
    ],
  ) => string = "readFileSync"
}
module Functor: () =>
{
  @react.component
  let make: unit => React.element
}
module type FT = {
  module Functor: (
    X: {
      let a: int
      @react.component
      let make: (~name: string) => React.element
      let b: int
    },
    Y: ModTyp,
  ) =>
  {
    @react.component
    let make: (~name: string) => React.element
  }
}
module NormaList = List
module BeltList = Belt.List
module type MT2 = ModTyp
module rec RM: ModTyp
and D: ModTyp

