Hover src/Div.res 0:10
getLocItem #3: heuristic for <div>
{"contents": {"kind": "markdown", "value": "```rescript\n(\n  string,\n  ~props: ReactDOM_V3.domProps=?,\n  array<React.element>,\n) => React.element\n```\n\n---\n\n```\n \n```\n```rescript\ntype ReactDOM_V3.domProps = Props.domProps\n```\nGo to: [Type definition](command:rescript-vscode.go_to_location?%5B%22ReactDOM_V3.res%22%2C57%2C2%5D)\n\n\n---\n\n```\n \n```\n```rescript\ntype React.element = Jsx.element\n```\nGo to: [Type definition](command:rescript-vscode.go_to_location?%5B%22React.res%22%2C0%2C0%5D)\n"}}

Complete src/Div.res 3:17
posCursor:[3:17] posNoWhite:[3:16] Found expr:[3:4->3:17]
JSX <div:[3:4->3:7] dangerous[3:8->3:17]=...[3:8->3:17]> _children:None
Completable: Cjsx([div], dangerous, [dangerous])
Package opens Pervasives.JsxModules.place holder
Resolved opens 1 pervasives
Path ReactDOM.domProps
Path PervasivesU.JsxDOM.domProps
[{
    "label": "dangerouslySetInnerHTML",
    "kind": 4,
    "tags": [],
    "detail": "{\"__html\": string}",
    "documentation": null
  }]

