Documentation extraction src/DocExtraction2.resi
extracting docs for src/DocExtraction2.resi

{
  "name": "DocExtraction2",
  "docstrings": ["Module level doc here."],
  "items": [
  {
    "id": "DocExtraction2.t",
    "kind": "type",
    "name": "t",
    "signature": "type t",
    "docstrings": ["Type t is pretty cool."],
    "linkables": []
  }, 
  {
    "id": "DocExtraction2.make",
    "kind": "value",
    "name": "make",
    "signature": "let make: unit => t",
    "docstrings": ["Makerz of stuffz."],
    "linkables": [{
        "linkId": "DocExtraction2.t",
        "name": "t",
        "external": false
      }]
  }, 
  {
    "id": "InnerModule.DocExtraction2",
    "kind": "module",
    "item": 
    {
      "name": "InnerModule",
      "docstrings": [],
      "items": [
      {
        "id": "DocExtraction2.InnerModule.t",
        "kind": "type",
        "name": "t",
        "signature": "type t",
        "docstrings": ["This type is also t."],
        "linkables": []
      }, 
      {
        "id": "DocExtraction2.InnerModule.make",
        "kind": "value",
        "name": "make",
        "signature": "let make: unit => t",
        "docstrings": ["Maker of tea."],
        "linkables": [{
            "linkId": "DocExtraction2.InnerModule.t",
            "name": "t",
            "external": false
          }]
      }]
    }
  }]
}

