Hover src/Jsx.resi 1:4
{"contents": "```rescript\n(~first: string, ~key: string=?, unit) => {\"first\": string}\n```"}

Hover src/Jsx.resi 4:4
{"contents": "```rescript\nint\n```"}

Complete src/Jsx.resi 7:19
posCursor:[7:19] posNoWhite:[7:18] Found type:[7:12->7:19]
Ptyp_constr React.e:[7:12->7:19]
Completable: Cpath Type[React, e]
[{
    "label": "element",
    "kind": 22,
    "tags": [],
    "detail": "type element",
    "documentation": null
  }]

Complete src/Jsx.resi 10:18
posCursor:[10:18] posNoWhite:[10:17] Found type:[10:11->10:18]
Ptyp_constr React.e:[10:11->10:18]
Completable: Cpath Type[React, e]
[{
    "label": "element",
    "kind": 22,
    "tags": [],
    "detail": "type element",
    "documentation": null
  }]

