/*** This is a top level module doc. */

module Nested = {
  /*** Module doc for nested. */
}
