Parse tests/src/Parser.res
structure items:10 diagnostics:0 
Lident: Component (4,10)
Lident: _c (4,4)
Ldot: M (6,11)
Lident: C (6,13)
Lident: _mc (6,4)
Lident: div (8,10)
Lident: _d (8,4)
Lident: div (11,3)
Lident: div (16,4)
Ldot: React (12,5)
Lident: string (12,11)
Lident: div (13,5)
Lident: div (13,34)
Ldot: React (13,11)
Lident: string (13,17)
Ldot: React (14,5)
Lident: string (14,11)
Ldot: React (15,5)
Lident: string (15,11)
Lident: _d2 (10,4)
Type: pair (18,5)->(18,9)
Type: looooooooooooooooooooooooooooooooooooooong_int (20,5)->(20,51)
Type: int (20,54)->(20,57)
Type: looooooooooooooooooooooooooooooooooooooong_string (22,5)->(22,54)
Type: string (22,57)->(22,63)
Type: pairIntString (24,5)->(24,18)
Type: list (24,21)->(24,25)
TypeArg: (25,2)->(28,3)
Type: pair (25,2)->(25,6)
TypeArg: (26,4)->(26,50)
TypeArg: (27,4)->(27,53)
Type: looooooooooooooooooooooooooooooooooooooong_int (26,4)->(26,50)
Type: looooooooooooooooooooooooooooooooooooooong_string (27,4)->(27,53)
BinaryExp: (31,14)->(31,16)
BinaryExp: (31,10)->(31,11)
BinaryExp: (31,19)->(31,20)

