Hover src/RecModules.res 18:12
{"contents": {"kind": "markdown", "value": "```rescript\nmodule C: {\n  type t\n  let createA: t => A.t\n}\n```"}}

Hover src/RecModules.res 20:12
{"contents": {"kind": "markdown", "value": "```rescript\nmodule A: {\n  type t\n  let child: t => B.t\n}\n```"}}

